// Jest Snapshot v1, https://goo.gl/fbAQLP

exports[`Custom web-component Tests should properly render the provided CSN source document 1`] = `
"<h1 id="airline-example">Airline (Example)</h1>
<p>This CSN example document shows how the airline example is expressed with a CDS <strong>Service</strong> exposing the entities through an API.</p>
<h2 id="entity-definitions">Entity Definitions</h2>
<h3 id="airlineserviceairline">AirlineService.Airline</h3>
<ul>
<li><strong>Exposed via</strong>: <a href="#airlineservice">AirlineService</a></li>
</ul>
<table>
<tbody><tr><th><strong>Element</strong></th><th><strong>Type</strong></th><th><strong>Description</strong></th></tr>
<tr><td><strong id="airlineserviceairline-airlineid">AirlineID</strong></td><td><a href="#airlineuuid">AirlineUuid</a></td><td><strong>Key</strong>: true<br><strong>@EndUserText.label</strong>: Airline<br><strong>@ObjectModel.text.element</strong>: <code>[
  "Name"
]</code></td></tr>
<tr><td><strong id="airlineserviceairline-name">Name</strong></td><td>cds.String</td><td><strong>@EndUserText.label</strong>: Name<br><strong>@Semantics.text</strong>: true</td></tr>
<tr><td><strong id="airlineserviceairline-currencycode_code">CurrencyCode_code</strong></td><td>cds.String</td><td><strong>@EndUserText.label</strong>: Currency Code<br><strong>@Semantics.currencyCode</strong>: true</td></tr>
</tbody></table>

<h3 id="airlineserviceairport">AirlineService.Airport</h3>
<ul>
<li><strong>Exposed via</strong>: <a href="#airlineservice">AirlineService</a></li>
</ul>
<table>
<tbody><tr><th><strong>Element</strong></th><th><strong>Type</strong></th><th><strong>Description</strong></th></tr>
<tr><td><strong id="airlineserviceairport-airportid">AirportID</strong></td><td>cds.String</td><td><strong>@EndUserText.label</strong>: Airport<br><strong>@ObjectModel.text.element</strong>: <code>[
  "Name"
]</code></td></tr>
<tr><td><strong id="airlineserviceairport-name">Name</strong></td><td>cds.String</td><td><strong>@EndUserText.label</strong>: Name<br><strong>@Semantics.text</strong>: true</td></tr>
<tr><td><strong id="airlineserviceairport-city">City</strong></td><td>cds.String</td><td><strong>@EndUserText.label</strong>: City</td></tr>
<tr><td><strong id="airlineserviceairport-countrycode_code">CountryCode_code</strong></td><td>cds.String</td><td><strong>@EndUserText.label</strong>: Country Code<br><strong>@ObjectModel.foreignKey.association</strong>: <code>{
  "=": "to_CountryCode"
}</code></td></tr>
<tr><td><strong id="airlineserviceairport-to_countrycode">to_CountryCode</strong></td><td>cds.Association</td><td><strong>Association</strong>: Links to one <a href="#airlineservicecountries">AirlineService.Countries</a> (Path: <a href="#airlineservicecountries">AirlineService.Countries</a>.<a href="#airlineservicecountries-code">code</a>) via <a href="#airlineserviceairport-countrycode_code">CountryCode_code</a></td></tr>
</tbody></table>

<h3 id="airlineservicecountries">AirlineService.Countries</h3>
<ul>
<li><strong>Exposed via</strong>: <a href="#airlineservice">AirlineService</a></li>
</ul>
<table>
<tbody><tr><th><strong>Element</strong></th><th><strong>Type</strong></th><th><strong>Description</strong></th></tr>
<tr><td><strong id="airlineservicecountries-code">code</strong></td><td>cds.String</td><td><strong>@EndUserText.label</strong>: Country Code<br><strong>@ObjectModel.text.association</strong>: <code>{
  "=": "texts"
}</code></td></tr>
<tr><td><strong id="airlineservicecountries-texts">texts</strong></td><td>cds.Composition</td><td></td></tr>
</tbody></table>

<h3 id="airlineservicecountries_texts">AirlineService.Countries_texts</h3>
<ul>
<li><strong>Exposed via</strong>: <a href="#airlineservice">AirlineService</a></li>
</ul>
<table>
<tbody><tr><th><strong>Element</strong></th><th><strong>Type</strong></th><th><strong>Description</strong></th></tr>
<tr><td><strong id="airlineservicecountries_texts-code">code</strong></td><td>cds.String</td><td><strong>@EndUserText.label</strong>: Country Code</td></tr>
<tr><td><strong id="airlineservicecountries_texts-locale">locale</strong></td><td>cds.String</td><td><strong>@EndUserText.label</strong>: Language Code<br><strong>@Semantics.language</strong>: true</td></tr>
<tr><td><strong id="airlineservicecountries_texts-name">name</strong></td><td>cds.String</td><td><strong>@EndUserText.label</strong>: Name<br><strong>@Semantics.text</strong>: true</td></tr>
<tr><td><strong id="airlineservicecountries_texts-descr">descr</strong></td><td>cds.String</td><td><strong>@EndUserText.label</strong>: Description<br><strong>@Semantics.text</strong>: true</td></tr>
</tbody></table>

<h3 id="airlineserviceflightconnection">AirlineService.FlightConnection</h3>
<ul>
<li><strong>Exposed via</strong>: <a href="#airlineservice">AirlineService</a></li>
</ul>
<table>
<tbody><tr><th><strong>Element</strong></th><th><strong>Type</strong></th><th><strong>Description</strong></th></tr>
<tr><td><strong id="airlineserviceflightconnection-airlineid">AirlineID</strong></td><td>cds.String</td><td><strong>@EndUserText.label</strong>: Airline<br><strong>@ObjectModel.foreignKey.association</strong>: <code>{
  "=": "to_Airline"
}</code></td></tr>
<tr><td><strong id="airlineserviceflightconnection-connectionid">ConnectionID</strong></td><td>cds.String</td><td><strong>@EndUserText.label</strong>: Flight Number</td></tr>
<tr><td><strong id="airlineserviceflightconnection-departureairport_airportid">DepartureAirport_AirportID</strong></td><td>cds.String</td><td><strong>@EndUserText.label</strong>: Departure Airport<br><strong>@ObjectModel.foreignKey.association</strong>: <code>{
  "=": "to_DepartureAirport"
}</code></td></tr>
<tr><td><strong id="airlineserviceflightconnection-destinationairport_airportid">DestinationAirport_AirportID</strong></td><td>cds.String</td><td><strong>@EndUserText.label</strong>: Destination Airport<br><strong>@ObjectModel.foreignKey.association</strong>: <code>{
  "=": "to_DestinationAirport"
}</code></td></tr>
<tr><td><strong id="airlineserviceflightconnection-departuretime">DepartureTime</strong></td><td>cds.Time</td><td><strong>@EndUserText.label</strong>: Departure Time</td></tr>
<tr><td><strong id="airlineserviceflightconnection-arrivaltime">ArrivalTime</strong></td><td>cds.Time</td><td><strong>@EndUserText.label</strong>: Arrival Time</td></tr>
<tr><td><strong id="airlineserviceflightconnection-distance">Distance</strong></td><td>cds.Integer</td><td><strong>@EndUserText.label</strong>: Distance<br><strong>@Semantics.quantity.unitOfMeasure</strong>: <code>{
  "=": "DistanceUnit"
}</code></td></tr>
<tr><td><strong id="airlineserviceflightconnection-distanceunit">DistanceUnit</strong></td><td>cds.String</td><td><strong>@EndUserText.label</strong>: Distance Unit</td></tr>
<tr><td><strong id="airlineserviceflightconnection-to_airline">to_Airline</strong></td><td>cds.Association</td><td><strong>Association</strong>: Links to many <a href="#airlineserviceairline">AirlineService.Airline</a> (Path: <a href="#airlineserviceairline">AirlineService.Airline</a>.<a href="#airlineserviceairline-airlineid">AirlineID</a>) via <a href="#airlineserviceflightconnection-airlineid">AirlineID</a></td></tr>
<tr><td><strong id="airlineserviceflightconnection-to_departureairport">to_DepartureAirport</strong></td><td>cds.Association</td><td><strong>Association</strong>: Links to many <a href="#airlineserviceairport">AirlineService.Airport</a> (Path: <a href="#airlineserviceairport">AirlineService.Airport</a>.<a href="#airlineserviceairport-airportid">AirportID</a>) via <a href="#airlineserviceflightconnection-departureairport_airportid">DepartureAirport_AirportID</a></td></tr>
<tr><td><strong id="airlineserviceflightconnection-to_destinationairport">to_DestinationAirport</strong></td><td>cds.Association</td><td><strong>Association</strong>: Links to many <a href="#airlineserviceairport">AirlineService.Airport</a> (Path: <a href="#airlineserviceairport">AirlineService.Airport</a>.<a href="#airlineserviceairport-airportid">AirportID</a>) via <a href="#airlineserviceflightconnection-destinationairport_airportid">DestinationAirport_AirportID</a></td></tr>
</tbody></table>

<h3 id="airlineserviceflight">AirlineService.Flight</h3>
<ul>
<li><strong>Exposed via</strong>: <a href="#airlineservice">AirlineService</a></li>
</ul>
<table>
<tbody><tr><th><strong>Element</strong></th><th><strong>Type</strong></th><th><strong>Description</strong></th></tr>
<tr><td><strong id="airlineserviceflight-airlineid">AirlineID</strong></td><td>cds.String</td><td><strong>@EndUserText.label</strong>: Airline<br><strong>@ObjectModel.foreignKey.association</strong>: <code>{
  "=": "to_Airline"
}</code></td></tr>
<tr><td><strong id="airlineserviceflight-flightdate">FlightDate</strong></td><td>cds.Date</td><td><strong>@EndUserText.label</strong>: Flight Date</td></tr>
<tr><td><strong id="airlineserviceflight-connectionid">ConnectionID</strong></td><td>cds.String</td><td><strong>@EndUserText.label</strong>: Flight Number<br><strong>@ObjectModel.foreignKey.association</strong>: <code>{
  "=": "to_Connection"
}</code></td></tr>
<tr><td><strong id="airlineserviceflight-price">Price</strong></td><td>cds.Decimal</td><td><strong>@EndUserText.label</strong>: Price<br><strong>@Aggregation.default</strong>: <code>{
  "#": "MIN"
}</code><br><strong>@Semantics.amount.currencyCode</strong>: <code>{
  "=": "CurrencyCode_code"
}</code></td></tr>
<tr><td><strong id="airlineserviceflight-currencycode_code">CurrencyCode_code</strong></td><td>cds.String</td><td><strong>@EndUserText.label</strong>: Currency Code<br><strong>@Semantics.currencyCode</strong>: true</td></tr>
<tr><td><strong id="airlineserviceflight-planetype">PlaneType</strong></td><td>cds.String</td><td><strong>@EndUserText.label</strong>: Plane Type</td></tr>
<tr><td><strong id="airlineserviceflight-maximumseats">MaximumSeats</strong></td><td>cds.Integer</td><td><strong>@EndUserText.label</strong>: Maximum Seats<br><strong>@Aggregation.default</strong>: <code>{
  "#": "SUM"
}</code></td></tr>
<tr><td><strong id="airlineserviceflight-occupiedseats">OccupiedSeats</strong></td><td>cds.Integer</td><td><strong>@EndUserText.label</strong>: Occupied Seats<br><strong>@Aggregation.default</strong>: <code>{
  "#": "SUM"
}</code></td></tr>
<tr><td><strong id="airlineserviceflight-to_airline">to_Airline</strong></td><td>cds.Association</td><td><strong>Association</strong>: Links to many <a href="#airlineserviceairline">AirlineService.Airline</a> (Path: <a href="#airlineserviceairline">AirlineService.Airline</a>.<a href="#airlineserviceairline-airlineid">AirlineID</a>) via <a href="#airlineserviceflight-airlineid">AirlineID</a></td></tr>
<tr><td><strong id="airlineserviceflight-to_connection">to_Connection</strong></td><td>cds.Association</td><td><strong>Association</strong>: Links to many <a href="#airlineserviceflightconnection">AirlineService.FlightConnection</a> (Path: <a href="#airlineserviceflightconnection">AirlineService.FlightConnection</a>.<a href="#airlineserviceflightconnection-airlineid">AirlineID</a>) via <a href="#airlineserviceflight-airlineid">AirlineID</a></td></tr>
</tbody></table>

<h3 id="unassignedentity">UnassignedEntity</h3>
<table>
<tbody><tr><th><strong>Element</strong></th><th><strong>Type</strong></th><th><strong>Description</strong></th></tr>
<tr><td><strong id="unassignedentity-someelement">SomeElement</strong></td><td>cds.String</td><td></td></tr>
</tbody></table>

<h2 id="type-definitions">Type Definitions</h2>
<h3 id="airlineuuid">AirlineUuid</h3>
<p>Description of the reuse type</p>

<table>
<tbody><tr><th>Type</th><th>Description</th></tr>
<tr><td>cds.String(3)</td><td><strong>Annotations</strong><br><strong>@EndUserText.label</strong>: Airline<br><strong>@ObjectModel.text.element</strong>: <code>[
  "Name"
]</code></td></tr>
</tbody></table>

<h2 id="services">Services</h2>
<h3 id="airlineservice">AirlineService</h3>
<p>This is describing the service that exposes the CDS entities through an API.</p>

<p>Exposed Entities:</p>
<ul>
<li><a href="#airlineserviceairline">AirlineService.Airline</a></li>
<li><a href="#airlineserviceairport">AirlineService.Airport</a></li>
<li><a href="#airlineservicecountries">AirlineService.Countries</a></li>
<li><a href="#airlineservicecountries_texts">AirlineService.Countries_texts</a></li>
<li><a href="#airlineserviceflightconnection">AirlineService.FlightConnection</a></li>
<li><a href="#airlineserviceflight">AirlineService.Flight</a></li>
</ul>
"
`;
